recv() error
: Connection reset by peer
